// Jest Snapshot v1, https://goo.gl/fbAQLP

exports[`UIButton should render correctly 1`] = `
<button
  className="UIButton "
  onClick={[Function]}
>
  my button
</button>
`;
